---
source: src/domain/cargo_toml/tests.rs
expression: "format!(\"{outcome:?}\")"
---
File { dependencies: {"ahash": Simple("0.8.11"), "clap": Detailed(DetailedCargoDependency { version: "4.5.23", package: None }), "clap-verbosity-flag": Simple("3.0.1"), "config": Simple("0.14.1"), "env_logger": Simple("0.11.5"), "git2": Simple("0.19.0"), "log": Simple("0.4.22"), "serde": Detailed(DetailedCargoDependency { version: "1.0.215", package: None }), "sqlx": Detailed(DetailedCargoDependency { version: "0.8.2", package: None })}, build_dependencies: None, dev_dependencies: Some({"assert_fs": Simple("1.1.2"), "trycmd": Simple("0.15.8")}) }
